<html>
<body>
<pre>
<h1>礦ision Build Log</h1>
<h2>Project:</h2>
D:\STM32\stm32-speech-recognition\语音识别.uvproj
Project File Date:  06/23/2013

<h2>Output:</h2>
Build target 'Voice_Rec'
compiling main.c...
.\Src\BSP\spiFlash.h(6): warning:  #1295-D: Deprecated declaration spiFlashInit - give arg types
Src\APP\main.c(367): warning:  #223-D: function "USART1_printf_line" declared implicitly
compiling VAD.C...
compiling MFCC.C...
compiling DTW.C...
compiling GUI.C...
compiling BSP.c...
.\Src\BSP\spiFlash.h(6): warning:  #1295-D: Deprecated declaration spiFlashInit - give arg types
Src\BSP\BSP.c(132): warning:  #223-D: function "USART1_printf_line" declared implicitly
Src\BSP\BSP.c(154): warning:  #223-D: function "USART1_printf_line" declared implicitly
Src\BSP\BSP.c(179): warning:  #223-D: function "USART1_printf_line" declared implicitly
compiling ADC.C...
compiling delay.c...
compiling Flash.C...
compiling SPI.C...
compiling TFTLCD.c...
Src\BSP\spiFlash.h(6): warning:  #1295-D: Deprecated declaration spiFlashInit - give arg types
Src\BSP\TFTLCD.c(319): warning:  #550-D: variable "Addr" was set but never used
compiling touch_panel.c...
compiling USART.C...
creating preprocessor file for spiFlash.c...
compiling spiFlash.c...
Src\BSP\spiFlash.h(6): warning:  #1295-D: Deprecated declaration spiFlashInit - give arg types
compiling core_cm3.c...
compiling stm32f10x_it.c...
.\Src\BSP\spiFlash.h(6): warning:  #1295-D: Deprecated declaration spiFlashInit - give arg types
compiling system_stm32f10x.c...
compiling misc.c...
compiling stm32f10x_adc.c...
compiling stm32f10x_bkp.c...
compiling stm32f10x_can.c...
compiling stm32f10x_cec.c...
compiling stm32f10x_crc.c...
compiling stm32f10x_dac.c...
compiling stm32f10x_dbgmcu.c...
compiling stm32f10x_dma.c...
compiling stm32f10x_exti.c...
compiling stm32f10x_flash.c...
compiling stm32f10x_fsmc.c...
compiling stm32f10x_gpio.c...
compiling stm32f10x_i2c.c...
compiling stm32f10x_iwdg.c...
compiling stm32f10x_pwr.c...
compiling stm32f10x_rcc.c...
compiling stm32f10x_rtc.c...
compiling stm32f10x_sdio.c...
compiling stm32f10x_spi.c...
compiling stm32f10x_tim.c...
compiling stm32f10x_usart.c...
compiling stm32f10x_wwdg.c...
linking...
Program Size: Code=21484 RO-data=3108 RW-data=476 ZI-data=45396  
FromELF: creating hex file...
".\Object\语音识别.axf" - 0 Error(s), 10 Warning(s).
